
> chess-game-app@0.1.0 build D:\Github\ilyas-bozdemir\chessgame-elixir\apps\chess-game
> next build

node.exe :  ÔÜá Warning: Next.js inferred you
r workspace root, but it may not be correct.
At C:\Users\ilyas bozdemir\AppData\Roaming\np
m\pnpm.ps1:24 char:5
+     & "node$exe"  "$basedir/node_modules/pn
pm/bin/pnpm.cjs" $args
+     ~~~~~~~~~~~~~~~~~~~~~~~~~~~~~~~~~~~~~~~
~~~~~~~~~~~~~~~~~~~~~~
    + CategoryInfo          : NotSpecified:  
   ( ÔÜá Warning: N...not be correct.:Strin  
  g) [], RemoteException
    + FullyQualifiedErrorId : NativeCommandE 
   rror
 
 We detected multiple lockfiles and selected 
the directory of D:\Github\ilyas-bozdemir\che
ssgame-elixir\pnpm-lock.yaml as the root dire
ctory.
 To silence this warning, set `outputFileTrac
ingRoot` in your Next.js config, or consider 
removing one of the lockfiles if it's not nee
ded.
   See https://nextjs.org/docs/app/api-refere
nce/config/next-config-js/output#caveats for 
more information.
 Detected additional lockfiles: 
   * D:\Github\ilyas-bozdemir\chessgame-elixi
r\apps\chess-game\pnpm-lock.yaml

   Ôû▓ Next.js 15.5.12

   Creating an optimized production build ...
Failed to compile.

app\(game)\game\[id]\page.tsx
You cannot have two parallel pages that resol
ve to the same path. Please check /(game)/gam
e/[id]/page and /game/[id]/page. Refer to the
 route group docs for more information: https
://nextjs.org/docs/app/building-your-applicat
ion/routing/route-groups

app\(root)\about\page.tsx
You cannot have two parallel pages that resol
ve to the same path. Please check /(root)/abo
ut/page and /about/page. Refer to the route g
roup docs for more information: https://nextj
s.org/docs/app/building-your-application/rout
ing/route-groups

app\(root)\learn\page.tsx
You cannot have two parallel pages that resol
ve to the same path. Please check /(root)/lea
rn/page and /learn/page. Refer to the route g
roup docs for more information: https://nextj
s.org/docs/app/building-your-application/rout
ing/route-groups

app\(root)\puzzles\page.tsx
You cannot have two parallel pages that resol
ve to the same path. Please check /(root)/puz
zles/page and /puzzles/page. Refer to the rou
te group docs for more information: https://n
extjs.org/docs/app/building-your-application/
routing/route-groups

app\(root)\watch\page.tsx
You cannot have two parallel pages that resol
ve to the same path. Please check /(root)/wat
ch/page and /watch/page. Refer to the route g
roup docs for more information: https://nextj
s.org/docs/app/building-your-application/rout
ing/route-groups


> Build failed because of webpack errors
D:\Github\ilyas-bozdemir\chessgame-elixir\apps\chess-game:
ÔÇëERR_PNPM_RECURSIVE_RUN_FIRST_FAILÔÇë chess-game-app@0.1.0 build: `next build`
Exit status 1
